** edit "../test/library_rules.tst" => TMP
** 1 change(s) made
** edit "../test/program_rules.tst" => TMP
** 1 change(s) made
** edit "../test/standard_rules.tst" => TMP
** 1 change(s) made
** edit "../test/top_lib_rules.tst" => TMP
** 1 change(s) made
ok:library_rules
ok:program_rules
ok:standard_rules
ok:top_lib_rules
