1:	".dot" => ".dot"
1:	".dot" => ".dot"
1:	".dot" => ":.dot"
1:	".dot" => ":.dot"
1:	"Space\ b" => "Space\ b"
1:	"Space\ b" => "Space\\\ b"
1:	"Space\ b" => ":space\:_b"
1:	"Space\ b" => ":space@\\:_b"
1:	"Tab\	b" => "Tab\?b"
1:	"Tab\	b" => "Tab\\\	b"
1:	"Tab\	b" => ":tab\:#09b"
1:	"Tab\	b" => ":tab@\\:\#09b"
1:	"\ Space" => "\ Space"
1:	"\ Space" => "\\\ Space"
1:	"\ Space" => "\:_:space"
1:	"\ Space" => "@\\:_:space"
1:	"README" => "README"
1:	"README" => "README"
1:	"README" => ":r:e:a:d:m:e"
1:	"README" => ":r:e:a:d:m:e"
