** mode = x
** path = ../test
   1: 	../test/
   2:?	|-- Makefile
   3:?	|-- RCS/
   4:?	|-- README
   5: 	|-- abspath
   6:?	|-- abspath.ref
   7: 	|-- abspath.sh
   8: 	|-- cutoff
   9:?	|-- cutoff.ref
  10: 	|-- cutoff.sh
  11: 	|-- diffload
  12:?	|-- diffload.ref
  13: 	|-- diffload.sh
  14: 	|-- doalloc
  15:?	|-- doalloc.ref
  16: 	|-- doalloc.sh
  17: 	|-- dotcmp
  18:?	|-- dotcmp.ref
  19: 	|-- dotcmp.sh
  20:?	|-- dummy.txt
  21:?	|-- dummy2.txt
  22: 	|-- execute
  23:?	|-- execute.ref
  24: 	|-- execute.sh
  25: 	|-- failed
  26:?	|-- failed.ref
  27: 	|-- failed.sh
  28: 	|-- file2argv
  29:?	|-- file2argv.ref
  30: 	|-- file2argv.sh
  31: 	|-- file2mem
  32:?	|-- file2mem.ref
  33: 	|-- file2mem.sh
  34: 	|-- filecopy
  35:?	|-- filecopy.ref
  36: 	|-- filecopy.sh
  37: 	|-- fp2argv
  38:?	|-- fp2argv.ref
  39: 	|-- fp2argv.sh
  40: 	|-- gethome
  41:?	|-- gethome.ref
  42: 	|-- gethome.sh
  43: 	|-- gid2s
  44:?	|-- gid2s.ref
  45: 	|-- gid2s.sh
  46: 	|-- list_by_cols
  47:?	|-- list_by_cols.ref
  48: 	|-- list_by_cols.sh
  49: 	|-- ltostr
  50:?	|-- ltostr.ref
  51: 	|-- ltostr.sh
  52: 	|-- makeargv
  53:?	|-- makeargv.ref
  54: 	|-- makeargv.sh
  55: 	|-- name2s
  56:?	|-- name2s.ref
  57: 	|-- name2s.sh
  58: 	|-- newzone
  59:?	|-- newzone.ref
  60: 	|-- newzone.sh
  61: 	|-- packdate
  62:?	|-- packdate.ref
  63: 	|-- packdate.sh
  64: 	|-- padedit
  65:?	|-- padedit.ref
  66: 	|-- padedit.sh
  67: 	|-- pathcmp
  68:?	|-- pathcmp.ref
  69: 	|-- pathcmp.sh
  70: 	|-- pathhead
  71:?	|-- pathhead.ref
  72: 	|-- pathhead.sh
  73: 	|-- pathleaf
  74:?	|-- pathleaf.ref
  75: 	|-- pathleaf.sh
  76: 	|-- rawgets
  77:?	|-- rawgets.ref
  78: 	|-- rawgets.sh
  79: 	|-- rcsargpair
  80:?	|-- rcsargpair.ref
  81: 	|-- rcsargpair.sh
  82: 	|-- rcsload
  83:?	|-- rcsload.ref
  84: 	|-- rcsload.sh
  85: 	|-- rcsname
  86:?	|-- rcsname.ref
  87: 	|-- rcsname.sh
  88: 	|-- relpath
  89:?	|-- relpath.ref
  90: 	|-- relpath.sh
  91: 	|-- run_tests.sh
  92: 	|-- s2uid
  93:?	|-- s2uid.ref
  94: 	|-- s2uid.sh
  95: 	|-- samebranch
  96:?	|-- samebranch.ref
  97: 	|-- samebranch.sh
  98: 	|-- sameleaf
  99:?	|-- sameleaf.ref
 100: 	|-- sameleaf.sh
 101: 	|-- sccsname
 102:?	|-- sccsname.ref
 103: 	|-- sccsname.sh
 104: 	|-- scr_size
 105:?	|-- scr_size.ref
 106: 	|-- scr_size.sh
 107: 	|-- strbcmp
 108:?	|-- strbcmp.ref
 109: 	|-- strbcmp.sh
 110: 	|-- strucmp
 111:?	|-- strucmp.ref
 112: 	|-- strucmp.sh
 113: 	|-- strwcmp
 114:?	|-- strwcmp.ref
 115: 	|-- strwcmp.sh
 116: 	|-- trimpath
 117:?	|-- trimpath.ref
 118: 	|-- trimpath.sh
 119: 	|-- txtalloc
 120:?	|-- txtalloc.ref
 121: 	|-- txtalloc.sh
 122: 	|-- uid2s
 123:?	|-- uid2s.ref
 124: 	|-- uid2s.sh
 125: 	|-- usercopy
 126:?	|-- usercopy.ref
 127: 	|-- usercopy.sh
 128: 	|-- vcs_file
 129:?	|-- vcs_file.ref
 130: 	|-- vcs_file.sh
 131: 	|-- vecedit
 132:?	|-- vecedit.ref
 133: 	|-- vecedit.sh
 134: 	|-- vercmp
 135:?	|-- vercmp.ref
 136: 	|-- vercmp.sh
 137: 	|-- walktree
 138:?	|-- walktree.ref
 139: 	|-- walktree.sh
 140:?	|-- walktree.tmp
 141: 	|-- which
 142:?	|-- which.ref
 143: 	|-- which.sh
** total= 92
