** mode = x
** path = ../pathname
 	../pathname/
 	|-- abspath
?	|-- abspath.ref
 	|-- abspath.sh
 	|-- acc_mode
?	|-- acc_mode.ref
 	|-- acc_mode.sh
 	|-- add2fnam
?	|-- add2fnam.ref
 	|-- add2fnam.sh
 	|-- arg2file
?	|-- arg2file.ref
 	|-- arg2file.sh
 	|-- copyback
?	|-- copyback.ref
 	|-- copyback.sh
 	|-- denode
?	|-- denode.ref
 	|-- denode.sh
 	|-- dlettree
?	|-- dlettree.ref
 	|-- dlettree.sh
 	|-- dotname
?	|-- dotname.ref
 	|-- dotname.sh
 	|-- editfile
?	|-- editfile.ref
 	|-- editfile.sh
 	|-- edittree
?	|-- edittree.ref
 	|-- edittree.sh
 	|-- file2arg
?	|-- file2arg.ref
 	|-- file2arg.sh
 	|-- file2mem
?	|-- file2mem.ref
 	|-- file2mem.sh
 	|-- fileblox
?	|-- fileblox.ref
 	|-- fileblox.sh
 	|-- filecopy
?	|-- filecopy.ref
 	|-- filecopy.sh
 	|-- filesize
?	|-- filesize.ref
 	|-- filesize.sh
 	|-- fleaf
?	|-- fleaf.ref
 	|-- fleaf.sh
 	|-- fleaf14
?	|-- fleaf14.ref
 	|-- fleaf14.sh
 	|-- fp2argv
?	|-- fp2argv.ref
 	|-- fp2argv.sh
 	|-- ftype
?	|-- ftype.ref
 	|-- ftype.sh
 	|-- ftype2
?	|-- ftype2.ref
 	|-- ftype2.sh
 	|-- is_spath
?	|-- is_spath.ref
 	|-- is_spath.sh
 	|-- istextfl
?	|-- istextfl.ref
 	|-- istextfl.sh
?	|-- make.out
?	|-- makefile
 	|-- mem2file
?	|-- mem2file.ref
 	|-- mem2file.sh
 	|-- modechar
?	|-- modechar.ref
 	|-- modechar.sh
?	|-- modules
 	|-- name2s
?	|-- name2s.ref
 	|-- name2s.sh
 	|-- pathcat
?	|-- pathcat.ref
 	|-- pathcat.sh
 	|-- pathcmp
?	|-- pathcmp.ref
 	|-- pathcmp.sh
 	|-- pathhead
?	|-- pathhead.ref
 	|-- pathhead.sh
 	|-- pathleaf
?	|-- pathleaf.ref
 	|-- pathleaf.sh
 	|-- relpath
?	|-- relpath.ref
 	|-- relpath.sh
 	|-- run_test.sh
 	|-- samehead
?	|-- samehead.ref
 	|-- samehead.sh
 	|-- sameleaf
?	|-- sameleaf.ref
 	|-- sameleaf.sh
 	|-- stat_dir
?	|-- stat_dir.ref
 	|-- stat_dir.sh
 	|-- stat_fil
?	|-- stat_fil.ref
 	|-- stat_fil.sh
 	|-- track_wd
?	|-- track_wd.ref
 	|-- track_wd.sh
 	|-- trimpath
?	|-- trimpath.ref
 	|-- trimpath.sh
 	|-- trnstree
?	|-- trnstree.ref
 	|-- trnstree.sh
 	|-- walktree
?	|-- walktree.ref
 	|-- walktree.sh
?	|-- walktree.tmp
 	|-- which
?	|-- which.ref
 	|-- which.sh
** total= 81
