
"ab"	"ab"	= (blank) = (normal)
"ab"	" ab"	> (blank) > (normal)
"ab"	"a b"	> (blank) > (normal)
"ab"	"ab "	= (blank) < (normal)
"ab"	" ab "	> (blank) > (normal)
"ab"	"a b "	> (blank) > (normal)

" ab"	"ab"	< (blank) < (normal)
" ab"	" ab"	= (blank) = (normal)
" ab"	"a b"	< (blank) < (normal)
" ab"	"ab "	< (blank) < (normal)
" ab"	" ab "	= (blank) < (normal)
" ab"	"a b "	< (blank) < (normal)

"a b"	"ab"	< (blank) < (normal)
"a b"	" ab"	> (blank) > (normal)
"a b"	"a b"	= (blank) = (normal)
"a b"	"ab "	< (blank) < (normal)
"a b"	" ab "	> (blank) > (normal)
"a b"	"a b "	= (blank) < (normal)

"ab "	"ab"	= (blank) > (normal)
"ab "	" ab"	> (blank) > (normal)
"ab "	"a b"	> (blank) > (normal)
"ab "	"ab "	= (blank) = (normal)
"ab "	" ab "	> (blank) > (normal)
"ab "	"a b "	> (blank) > (normal)

" ab "	"ab"	< (blank) < (normal)
" ab "	" ab"	= (blank) > (normal)
" ab "	"a b"	< (blank) < (normal)
" ab "	"ab "	< (blank) < (normal)
" ab "	" ab "	= (blank) = (normal)
" ab "	"a b "	< (blank) < (normal)

"a b "	"ab"	< (blank) < (normal)
"a b "	" ab"	> (blank) > (normal)
"a b "	"a b"	= (blank) > (normal)
"a b "	"ab "	< (blank) < (normal)
"a b "	" ab "	> (blank) > (normal)
"a b "	"a b "	= (blank) = (normal)
