	     a    b    ab   ba   aa   bb   aba  
	  0  -97  -98  -97  -98  -97  -98  -97  
*	  0    0    0    0    0    0    0    0  
?	 63    0    0  -98  -97  -97  -98  -98  
a	 97    0   -1  -98   -1  -97   -1  -98  
b	 98    1    0    1  -97    1  -98    1  
?*	 63    0    0    0    0    0    0    0  
*?	 63    0    0    0    0    0    0    0  
??	 63   63   63    0    0    0    0  -97  
a*	 97    0   -1    0   -1    0   -1    0  
a?	 97   63   -1    0   -1    0   -1  -97  
*a	 97    0   97   97    0    0   97    0  
?a	 63   97   97   -1    0    0   -1   -1  
ab	 97   98   -1    0   -1    1   -1  -97  
a*b	 97   98   -1    0   -1   98   -1   98  
ab*	 97   98   -1    0   -1    1   -1    0  
a?b	 97   63   -1   98   -1   98   -1    1  
ab?	 97   98   -1   63   -1    1   -1    0  
