1)	"name.type" => "NAME.TYPE;"
2)	"name.type.junk" => "NAME.TYPE$JUNK;"
3)	"x/y" => "[.X]Y.;"
4)	"x/y/z" => "[.X.Y]Z.;"
5)	"/x" => "x:"
6)	"/x/y" => "x:[Y]"
7)	"/x/y/" => "x:[Y]"
8)	"/x.y" => "x.y:"
9)	"x.y.z" => "X.Y$Z;"
10)	"x.y" => "X.Y;"
11)	"s.x" => "S$X.;"
12)	"s.x.y" => "S$X.Y;"
13)	"s." => "S.;"
14)	"x." => "X.;"
15)	"HOME" => "//tower/local/dickey"
16)	"HOME/x" => "//tower/local/dickeyX.;"
17)	"HOME/x/y" => "//tower/local/dickey[.X]Y.;"
18)	"BOOCH_LIB_ROOT" => "BOOCH_LIB_ROOT.;"
19)	"BOOCH_LIB/ada" => "[.BOOCH_LIB]ADA.;"
20)	"BOOCH_LIB_ROOT/ada" => "[.BOOCH_LIB_ROOT]ADA.;"
21)	"BOOCH_LIB_ROOT/adalib/" => "[.BOOCH_LIB_ROOT.ADALIB]"
22)	"BOOCH_LIB_ROOT/ada/x" => "[.BOOCH_LIB_ROOT.ADA]X.;"
23)	"SYS$DISK" => "SYS$DISK.;"
24)	"SYS$DISK/x" => "[.SYS$DISK]X.;"
25)	"SYS$DISK/x/y" => "[.SYS$DISK.X]Y.;"
26)	"x;y" => "X$Y.;"
27)	"node!" => "node::"
28)	"node!/dev" => "node::dev:"
29)	"node!/dev/file" => "node::dev:[FILE]"
30)	"REPOS" => "REPOS.;"
31)	"REPOS/x" => "[.REPOS]X.;"
