current directory = "WD"
1)	[A] => /a
2)	[A.B] => /a/b
3)	[.A] => a
4)	[.A.B] => a/b
5)	[A]B => /a/b
6)	[.A]B => a/b
7)	[.A.B]C => a/b/c
8)	[] => .
9)	[]A => ./a
10)	[-] => ..
11)	[-]A => ../a
12)	[--] => ../..
13)	[--]A => ../../a
14)	[-.] => ..
15)	[-.]A => ../a
16)	[-.-] => ../..
17)	[-.-]A => ../../a
18)	[-.A] => ../a
19)	[-A] => /-a
20)	[-]bin/tar.exe;26 => ../bin/tar.exe
21)	$CSHRC => .cshrc
22)	S$README => s.README
23)	README$V => README,v
24)	READ.ME => READ.ME
25)	READ.ME;-1 => READ.ME
26)	README.TXT => README.txt
27)	README. => README
28)	DEV:[A] => /dev/a
29)	DEV:[.A] => /dev/a
30)	NODE::DEV:A => node!/dev/a
31)	NODE::DEV:[A] => node!/dev/a
32)	NODE::A => node!a
33)	NODE::[A] => node!/a
34)	NODE::[A.B] => node!/a/b
