Testing...
dev:[1st]                dev:[1st]                => []                      
dev:[1st]                dev:[1st]name            => name                    
dev:[1st]                dev:[aaa]                => [-.aaa]                 
dev:[1st]                dev:[aaa]name            => [-.aaa]name             
dev:[1st]                dev:[1st.2nd]            => [.2nd]                  
dev:[1st]                dev:[1st.2nd]name        => [.2nd]name              
dev:[1st]                dev:[1st.bbb]            => [.bbb]                  
dev:[1st]                dev:[1st.bbb]name        => [.bbb]name              
dev:[1st]                dev:[1st.2nd.3rd]        => [.2nd.3rd]              
dev:[1st]                dev:[1st.2nd.3rd]name    => [.2nd.3rd]name          
dev:[1st]                dev:[1st.2nd.ccc]        => [.2nd.ccc]              
dev:[1st]                dev:[1st.2nd.ccc]name    => [.2nd.ccc]name          
dev:[aaa]                dev:[1st]                => [-.1st]                 
dev:[aaa]                dev:[1st]name            => [-.1st]name             
dev:[aaa]                dev:[aaa]                => []                      
dev:[aaa]                dev:[aaa]name            => name                    
dev:[aaa]                dev:[1st.2nd]            => [-.1st.2nd]             
dev:[aaa]                dev:[1st.2nd]name        => [-.1st.2nd]name         
dev:[aaa]                dev:[1st.bbb]            => [-.1st.bbb]             
dev:[aaa]                dev:[1st.bbb]name        => [-.1st.bbb]name         
dev:[aaa]                dev:[1st.2nd.3rd]        => [-.1st.2nd.3rd]         
dev:[aaa]                dev:[1st.2nd.3rd]name    => [-.1st.2nd.3rd]name     
dev:[aaa]                dev:[1st.2nd.ccc]        => [-.1st.2nd.ccc]         
dev:[aaa]                dev:[1st.2nd.ccc]name    => [-.1st.2nd.ccc]name     
dev:[1st.2nd]            dev:[1st]                => [-]                     
dev:[1st.2nd]            dev:[1st]name            => [-]name                 
dev:[1st.2nd]            dev:[aaa]                => [-.aaa]                 
dev:[1st.2nd]            dev:[aaa]name            => [-.aaa]name             
dev:[1st.2nd]            dev:[1st.2nd]            => []                      
dev:[1st.2nd]            dev:[1st.2nd]name        => name                    
dev:[1st.2nd]            dev:[1st.bbb]            => [-.bbb]                 
dev:[1st.2nd]            dev:[1st.bbb]name        => [-.bbb]name             
dev:[1st.2nd]            dev:[1st.2nd.3rd]        => [.3rd]                  
dev:[1st.2nd]            dev:[1st.2nd.3rd]name    => [.3rd]name              
dev:[1st.2nd]            dev:[1st.2nd.ccc]        => [.ccc]                  
dev:[1st.2nd]            dev:[1st.2nd.ccc]name    => [.ccc]name              
dev:[1st.bbb]            dev:[1st]                => [-]                     
dev:[1st.bbb]            dev:[1st]name            => [-]name                 
dev:[1st.bbb]            dev:[aaa]                => [-.aaa]                 
dev:[1st.bbb]            dev:[aaa]name            => [-.aaa]name             
dev:[1st.bbb]            dev:[1st.2nd]            => [-.2nd]                 
dev:[1st.bbb]            dev:[1st.2nd]name        => [-.2nd]name             
dev:[1st.bbb]            dev:[1st.bbb]            => []                      
dev:[1st.bbb]            dev:[1st.bbb]name        => name                    
dev:[1st.bbb]            dev:[1st.2nd.3rd]        => [-.2nd.3rd]             
dev:[1st.bbb]            dev:[1st.2nd.3rd]name    => [-.2nd.3rd]name         
dev:[1st.bbb]            dev:[1st.2nd.ccc]        => [-.2nd.ccc]             
dev:[1st.bbb]            dev:[1st.2nd.ccc]name    => [-.2nd.ccc]name         
dev:[1st.2nd.3rd]        dev:[1st]                => [--]                    
dev:[1st.2nd.3rd]        dev:[1st]name            => [--]name                
dev:[1st.2nd.3rd]        dev:[aaa]                => [-.aaa]                 
dev:[1st.2nd.3rd]        dev:[aaa]name            => [-.aaa]name             
dev:[1st.2nd.3rd]        dev:[1st.2nd]            => [-]                     
dev:[1st.2nd.3rd]        dev:[1st.2nd]name        => [-]name                 
dev:[1st.2nd.3rd]        dev:[1st.bbb]            => [--.bbb]                
dev:[1st.2nd.3rd]        dev:[1st.bbb]name        => [--.bbb]name            
dev:[1st.2nd.3rd]        dev:[1st.2nd.3rd]        => []                      
dev:[1st.2nd.3rd]        dev:[1st.2nd.3rd]name    => name                    
dev:[1st.2nd.3rd]        dev:[1st.2nd.ccc]        => [-.ccc]                 
dev:[1st.2nd.3rd]        dev:[1st.2nd.ccc]name    => [-.ccc]name             
dev:[1st.2nd.ccc]        dev:[1st]                => [--]                    
dev:[1st.2nd.ccc]        dev:[1st]name            => [--]name                
dev:[1st.2nd.ccc]        dev:[aaa]                => [-.aaa]                 
dev:[1st.2nd.ccc]        dev:[aaa]name            => [-.aaa]name             
dev:[1st.2nd.ccc]        dev:[1st.2nd]            => [-]                     
dev:[1st.2nd.ccc]        dev:[1st.2nd]name        => [-]name                 
dev:[1st.2nd.ccc]        dev:[1st.bbb]            => [--.bbb]                
dev:[1st.2nd.ccc]        dev:[1st.bbb]name        => [--.bbb]name            
dev:[1st.2nd.ccc]        dev:[1st.2nd.3rd]        => [-.3rd]                 
dev:[1st.2nd.ccc]        dev:[1st.2nd.3rd]name    => [-.3rd]name             
dev:[1st.2nd.ccc]        dev:[1st.2nd.ccc]        => []                      
dev:[1st.2nd.ccc]        dev:[1st.2nd.ccc]name    => name                    
...done
