name + NAME => "NAME"
name + [DIR] => "[DIR]"
name + [DIR]NAME => "[DIR]NAME"
name + DEV: => "DEV:"
name + DEV:NAME => "DEV:NAME"
name + DEV:[DIR] => "DEV:[DIR]"
name + DEV:[DIR]NAME => "DEV:[DIR]NAME"
name + NODE:: => "NODE::"
name + NODE::NAME => "NODE::NAME"
name + NODE::[DIR] => "NODE::[DIR]"
name + NODE::[DIR]NAME => "NODE::[DIR]NAME"
name + NODE::DEV: => "NODE::DEV:"
name + NODE::DEV:NAME => "NODE::DEV:NAME"
name + NODE::DEV:[DIR] => "NODE::DEV:[DIR]"
name + NODE::DEV:[DIR]NAME => "NODE::DEV:[DIR]NAME"
[dir] + NAME => "[dir]NAME"
[dir] + [DIR] => "[DIR]"
[dir] + [DIR]NAME => "[DIR]NAME"
[dir] + DEV: => "DEV:"
[dir] + DEV:NAME => "DEV:NAME"
[dir] + DEV:[DIR] => "DEV:[DIR]"
[dir] + DEV:[DIR]NAME => "DEV:[DIR]NAME"
[dir] + NODE:: => "NODE::"
[dir] + NODE::NAME => "NODE::NAME"
[dir] + NODE::[DIR] => "NODE::[DIR]"
[dir] + NODE::[DIR]NAME => "NODE::[DIR]NAME"
[dir] + NODE::DEV: => "NODE::DEV:"
[dir] + NODE::DEV:NAME => "NODE::DEV:NAME"
[dir] + NODE::DEV:[DIR] => "NODE::DEV:[DIR]"
[dir] + NODE::DEV:[DIR]NAME => "NODE::DEV:[DIR]NAME"
[dir]name + NAME => "[dir]NAME"
[dir]name + [DIR] => "[DIR]"
[dir]name + [DIR]NAME => "[DIR]NAME"
[dir]name + DEV: => "DEV:"
[dir]name + DEV:NAME => "DEV:NAME"
[dir]name + DEV:[DIR] => "DEV:[DIR]"
[dir]name + DEV:[DIR]NAME => "DEV:[DIR]NAME"
[dir]name + NODE:: => "NODE::"
[dir]name + NODE::NAME => "NODE::NAME"
[dir]name + NODE::[DIR] => "NODE::[DIR]"
[dir]name + NODE::[DIR]NAME => "NODE::[DIR]NAME"
[dir]name + NODE::DEV: => "NODE::DEV:"
[dir]name + NODE::DEV:NAME => "NODE::DEV:NAME"
[dir]name + NODE::DEV:[DIR] => "NODE::DEV:[DIR]"
[dir]name + NODE::DEV:[DIR]NAME => "NODE::DEV:[DIR]NAME"
dev: + NAME => "dev:NAME"
dev: + [DIR] => "dev:[DIR]"
dev: + [DIR]NAME => "dev:[DIR]NAME"
dev: + DEV: => "DEV:"
dev: + DEV:NAME => "DEV:NAME"
dev: + DEV:[DIR] => "DEV:[DIR]"
dev: + DEV:[DIR]NAME => "DEV:[DIR]NAME"
dev: + NODE:: => "NODE::"
dev: + NODE::NAME => "NODE::NAME"
dev: + NODE::[DIR] => "NODE::[DIR]"
dev: + NODE::[DIR]NAME => "NODE::[DIR]NAME"
dev: + NODE::DEV: => "NODE::DEV:"
dev: + NODE::DEV:NAME => "NODE::DEV:NAME"
dev: + NODE::DEV:[DIR] => "NODE::DEV:[DIR]"
dev: + NODE::DEV:[DIR]NAME => "NODE::DEV:[DIR]NAME"
dev:name + NAME => "dev:NAME"
dev:name + [DIR] => "dev:[DIR]"
dev:name + [DIR]NAME => "dev:[DIR]NAME"
dev:name + DEV: => "DEV:"
dev:name + DEV:NAME => "DEV:NAME"
dev:name + DEV:[DIR] => "DEV:[DIR]"
dev:name + DEV:[DIR]NAME => "DEV:[DIR]NAME"
dev:name + NODE:: => "NODE::"
dev:name + NODE::NAME => "NODE::NAME"
dev:name + NODE::[DIR] => "NODE::[DIR]"
dev:name + NODE::[DIR]NAME => "NODE::[DIR]NAME"
dev:name + NODE::DEV: => "NODE::DEV:"
dev:name + NODE::DEV:NAME => "NODE::DEV:NAME"
dev:name + NODE::DEV:[DIR] => "NODE::DEV:[DIR]"
dev:name + NODE::DEV:[DIR]NAME => "NODE::DEV:[DIR]NAME"
dev:[dir] + NAME => "dev:[dir]NAME"
dev:[dir] + [DIR] => "dev:[DIR]"
dev:[dir] + [DIR]NAME => "dev:[DIR]NAME"
dev:[dir] + DEV: => "DEV:"
dev:[dir] + DEV:NAME => "DEV:NAME"
dev:[dir] + DEV:[DIR] => "DEV:[DIR]"
dev:[dir] + DEV:[DIR]NAME => "DEV:[DIR]NAME"
dev:[dir] + NODE:: => "NODE::"
dev:[dir] + NODE::NAME => "NODE::NAME"
dev:[dir] + NODE::[DIR] => "NODE::[DIR]"
dev:[dir] + NODE::[DIR]NAME => "NODE::[DIR]NAME"
dev:[dir] + NODE::DEV: => "NODE::DEV:"
dev:[dir] + NODE::DEV:NAME => "NODE::DEV:NAME"
dev:[dir] + NODE::DEV:[DIR] => "NODE::DEV:[DIR]"
dev:[dir] + NODE::DEV:[DIR]NAME => "NODE::DEV:[DIR]NAME"
dev:[dir]name + NAME => "dev:[dir]NAME"
dev:[dir]name + [DIR] => "dev:[DIR]"
dev:[dir]name + [DIR]NAME => "dev:[DIR]NAME"
dev:[dir]name + DEV: => "DEV:"
dev:[dir]name + DEV:NAME => "DEV:NAME"
dev:[dir]name + DEV:[DIR] => "DEV:[DIR]"
dev:[dir]name + DEV:[DIR]NAME => "DEV:[DIR]NAME"
dev:[dir]name + NODE:: => "NODE::"
dev:[dir]name + NODE::NAME => "NODE::NAME"
dev:[dir]name + NODE::[DIR] => "NODE::[DIR]"
dev:[dir]name + NODE::[DIR]NAME => "NODE::[DIR]NAME"
dev:[dir]name + NODE::DEV: => "NODE::DEV:"
dev:[dir]name + NODE::DEV:NAME => "NODE::DEV:NAME"
dev:[dir]name + NODE::DEV:[DIR] => "NODE::DEV:[DIR]"
dev:[dir]name + NODE::DEV:[DIR]NAME => "NODE::DEV:[DIR]NAME"
node:: + NAME => "node::NAME"
node:: + [DIR] => "node::[DIR]"
node:: + [DIR]NAME => "node::[DIR]NAME"
node:: + DEV: => "node::DEV:"
node:: + DEV:NAME => "node::DEV:NAME"
node:: + DEV:[DIR] => "node::DEV:[DIR]"
node:: + DEV:[DIR]NAME => "node::DEV:[DIR]NAME"
node:: + NODE:: => "NODE::"
node:: + NODE::NAME => "NODE::NAME"
node:: + NODE::[DIR] => "NODE::[DIR]"
node:: + NODE::[DIR]NAME => "NODE::[DIR]NAME"
node:: + NODE::DEV: => "NODE::DEV:"
node:: + NODE::DEV:NAME => "NODE::DEV:NAME"
node:: + NODE::DEV:[DIR] => "NODE::DEV:[DIR]"
node:: + NODE::DEV:[DIR]NAME => "NODE::DEV:[DIR]NAME"
node::name + NAME => "node::NAME"
node::name + [DIR] => "node::[DIR]"
node::name + [DIR]NAME => "node::[DIR]NAME"
node::name + DEV: => "node::DEV:"
node::name + DEV:NAME => "node::DEV:NAME"
node::name + DEV:[DIR] => "node::DEV:[DIR]"
node::name + DEV:[DIR]NAME => "node::DEV:[DIR]NAME"
node::name + NODE:: => "NODE::"
node::name + NODE::NAME => "NODE::NAME"
node::name + NODE::[DIR] => "NODE::[DIR]"
node::name + NODE::[DIR]NAME => "NODE::[DIR]NAME"
node::name + NODE::DEV: => "NODE::DEV:"
node::name + NODE::DEV:NAME => "NODE::DEV:NAME"
node::name + NODE::DEV:[DIR] => "NODE::DEV:[DIR]"
node::name + NODE::DEV:[DIR]NAME => "NODE::DEV:[DIR]NAME"
node::[dir] + NAME => "node::[dir]NAME"
node::[dir] + [DIR] => "node::[DIR]"
node::[dir] + [DIR]NAME => "node::[DIR]NAME"
node::[dir] + DEV: => "node::DEV:"
node::[dir] + DEV:NAME => "node::DEV:NAME"
node::[dir] + DEV:[DIR] => "node::DEV:[DIR]"
node::[dir] + DEV:[DIR]NAME => "node::DEV:[DIR]NAME"
node::[dir] + NODE:: => "NODE::"
node::[dir] + NODE::NAME => "NODE::NAME"
node::[dir] + NODE::[DIR] => "NODE::[DIR]"
node::[dir] + NODE::[DIR]NAME => "NODE::[DIR]NAME"
node::[dir] + NODE::DEV: => "NODE::DEV:"
node::[dir] + NODE::DEV:NAME => "NODE::DEV:NAME"
node::[dir] + NODE::DEV:[DIR] => "NODE::DEV:[DIR]"
node::[dir] + NODE::DEV:[DIR]NAME => "NODE::DEV:[DIR]NAME"
node::[dir]name + NAME => "node::[dir]NAME"
node::[dir]name + [DIR] => "node::[DIR]"
node::[dir]name + [DIR]NAME => "node::[DIR]NAME"
node::[dir]name + DEV: => "node::DEV:"
node::[dir]name + DEV:NAME => "node::DEV:NAME"
node::[dir]name + DEV:[DIR] => "node::DEV:[DIR]"
node::[dir]name + DEV:[DIR]NAME => "node::DEV:[DIR]NAME"
node::[dir]name + NODE:: => "NODE::"
node::[dir]name + NODE::NAME => "NODE::NAME"
node::[dir]name + NODE::[DIR] => "NODE::[DIR]"
node::[dir]name + NODE::[DIR]NAME => "NODE::[DIR]NAME"
node::[dir]name + NODE::DEV: => "NODE::DEV:"
node::[dir]name + NODE::DEV:NAME => "NODE::DEV:NAME"
node::[dir]name + NODE::DEV:[DIR] => "NODE::DEV:[DIR]"
node::[dir]name + NODE::DEV:[DIR]NAME => "NODE::DEV:[DIR]NAME"
node::dev: + NAME => "node::dev:NAME"
node::dev: + [DIR] => "node::dev:[DIR]"
node::dev: + [DIR]NAME => "node::dev:[DIR]NAME"
node::dev: + DEV: => "node::DEV:"
node::dev: + DEV:NAME => "node::DEV:NAME"
node::dev: + DEV:[DIR] => "node::DEV:[DIR]"
node::dev: + DEV:[DIR]NAME => "node::DEV:[DIR]NAME"
node::dev: + NODE:: => "NODE::"
node::dev: + NODE::NAME => "NODE::NAME"
node::dev: + NODE::[DIR] => "NODE::[DIR]"
node::dev: + NODE::[DIR]NAME => "NODE::[DIR]NAME"
node::dev: + NODE::DEV: => "NODE::DEV:"
node::dev: + NODE::DEV:NAME => "NODE::DEV:NAME"
node::dev: + NODE::DEV:[DIR] => "NODE::DEV:[DIR]"
node::dev: + NODE::DEV:[DIR]NAME => "NODE::DEV:[DIR]NAME"
node::dev:name + NAME => "node::dev:NAME"
node::dev:name + [DIR] => "node::dev:[DIR]"
node::dev:name + [DIR]NAME => "node::dev:[DIR]NAME"
node::dev:name + DEV: => "node::DEV:"
node::dev:name + DEV:NAME => "node::DEV:NAME"
node::dev:name + DEV:[DIR] => "node::DEV:[DIR]"
node::dev:name + DEV:[DIR]NAME => "node::DEV:[DIR]NAME"
node::dev:name + NODE:: => "NODE::"
node::dev:name + NODE::NAME => "NODE::NAME"
node::dev:name + NODE::[DIR] => "NODE::[DIR]"
node::dev:name + NODE::[DIR]NAME => "NODE::[DIR]NAME"
node::dev:name + NODE::DEV: => "NODE::DEV:"
node::dev:name + NODE::DEV:NAME => "NODE::DEV:NAME"
node::dev:name + NODE::DEV:[DIR] => "NODE::DEV:[DIR]"
node::dev:name + NODE::DEV:[DIR]NAME => "NODE::DEV:[DIR]NAME"
node::dev:[dir] + NAME => "node::dev:[dir]NAME"
node::dev:[dir] + [DIR] => "node::dev:[DIR]"
node::dev:[dir] + [DIR]NAME => "node::dev:[DIR]NAME"
node::dev:[dir] + DEV: => "node::DEV:"
node::dev:[dir] + DEV:NAME => "node::DEV:NAME"
node::dev:[dir] + DEV:[DIR] => "node::DEV:[DIR]"
node::dev:[dir] + DEV:[DIR]NAME => "node::DEV:[DIR]NAME"
node::dev:[dir] + NODE:: => "NODE::"
node::dev:[dir] + NODE::NAME => "NODE::NAME"
node::dev:[dir] + NODE::[DIR] => "NODE::[DIR]"
node::dev:[dir] + NODE::[DIR]NAME => "NODE::[DIR]NAME"
node::dev:[dir] + NODE::DEV: => "NODE::DEV:"
node::dev:[dir] + NODE::DEV:NAME => "NODE::DEV:NAME"
node::dev:[dir] + NODE::DEV:[DIR] => "NODE::DEV:[DIR]"
node::dev:[dir] + NODE::DEV:[DIR]NAME => "NODE::DEV:[DIR]NAME"
node::dev:[dir]name + NAME => "node::dev:[dir]NAME"
node::dev:[dir]name + [DIR] => "node::dev:[DIR]"
node::dev:[dir]name + [DIR]NAME => "node::dev:[DIR]NAME"
node::dev:[dir]name + DEV: => "node::DEV:"
node::dev:[dir]name + DEV:NAME => "node::DEV:NAME"
node::dev:[dir]name + DEV:[DIR] => "node::DEV:[DIR]"
node::dev:[dir]name + DEV:[DIR]NAME => "node::DEV:[DIR]NAME"
node::dev:[dir]name + NODE:: => "NODE::"
node::dev:[dir]name + NODE::NAME => "NODE::NAME"
node::dev:[dir]name + NODE::[DIR] => "NODE::[DIR]"
node::dev:[dir]name + NODE::[DIR]NAME => "NODE::[DIR]NAME"
node::dev:[dir]name + NODE::DEV: => "NODE::DEV:"
node::dev:[dir]name + NODE::DEV:NAME => "NODE::DEV:NAME"
node::dev:[dir]name + NODE::DEV:[DIR] => "NODE::DEV:[DIR]"
node::dev:[dir]name + NODE::DEV:[DIR]NAME => "NODE::DEV:[DIR]NAME"
