++ rcs-scan(TMPDIR/dummy3.txt,v)
27 newlines, filesize=259
< 0	head     11.1;
++ rcskeys(head) = 0
< 0	branch   ;
++ rcskeys(branch) = 20
< 0	access   ste_cm dickey;
++ rcskeys(access) = 1
< 0	symbols  ;
++ rcskeys(symbols) = 2
< 0	locks    dickey:11.1; strict;
++ rcskeys(locks) = 3
++ rcskeys(strict) = 5
< 0	comment  @# @;
++ rcskeys(comment) = 4
< 0	
< 0	
< 0	11.1
++ rcskeys(11.1) = 99
< 0	date     92.11.18.10.55.17;  author dickey;  state Exp;
++ rcskeys(date) = 6
++ rcskeys(author) = 7
++ rcskeys(state) = 8
< 0	branches ;
++ rcskeys(branches) = 9
< 0	next     ;
++ rcskeys(next) = 10
< 0	
< 0	
< 0	desc
++ rcskeys(desc) = 11
< 0	@@
< 0	
< 0	
< 0	11.1
++ rcskeys(11.1) = 99
********   11.1 (0)
< 0	log
++ rcskeys(log) = 12
< 0	@RCS_BASE
< 0"	@
NOTES:11.1
RCS_BASE
< 0	text
++ rcskeys(text) = 13
< 0	@#!/bin/sh
< 0"	# &Id&
< 0"	./rcsload
< 0"	@
FILE:11.1
    1	#!/bin/sh
    2	# &Id&
    3	./rcsload
00003/00000      => 11.1 	Wed Nov 18 05:55:17 1992
compare(dummy3.txt) 11.1
% rcsdiff -r11.1 TMPDIR/dummy3.txt,v TMPDIR/dummy3.txt 
++ rcs-scan(TMPDIR/dummy4.txt,v)
417 newlines, filesize=6777
NOTES:3.2
(shafron) put -g (debug) option back in for compilation
FILE:3.2
    1	# &RCS: //tower/local/dickey/src/rcshist/test/RCS/test1.in,v 3.1 89/10/02 11:31:27 dickey Exp $
    2	# Make-file for DBS (Data Base Services)
    3	#
    4	#	Environment: Apollo SR9.7
    5	#
    6	#	GDML files end with ".e".  We develop this by using GDML to generate
    7	#	both GDML and SQL using 'gpre'.  Interbase SQL is relatively simple
    8	#	to understand and maintain, so we then break out the SQL-only code
    9	#	to make this more modular.
   10	#
   11	#	Note that linking and running the DBS applications must be done from
   12	#	C-shell due to the reliance upon 'inlib'.
   13	#
   14	TOP	= ../../..
   15	top	= ..
   16	#
   17	i	= $(TOP)/interface
   18	I	= $(TOP)/interface
   19	J	= ../interface
   20	INCLUDES=-I$I -I$J
   21	DEFINES	=
   22	OPTS	= -g -O
   23	CFLAGS	= $(OPTS) $(INCLUDES) $(DEFINES)
   24	#
   25	CPP	=/usr/lib/cpp -C
   26	ENV	=set inprocess; inlib /interbase/lib/gdslib
   27	#
   28	LLIB	= llib-ldbs
   29	ILIB	= llib-lDBS
   30	CSRCS	= \
   31		builds.c\
   32		debug.c\
   33		fetch.c\
   34		init_h.c\
   35		ialloc.c\
   36		ifetched.c\
   37		ifindname.c\
   38		iprepare.c\
   39		isetup.c\
   40		isqltype.c\
   41		next.c\
   42		release_h.c\
   43		select.c
   44	ESRCS	= \
   45		dbs.e
   46	SRCS	= \
   47		$(CSRCS)\
   48		$(ESRCS)
   49	#
   50	OBJS	= \
   51		builds.o\
   52		debug.o\
   53		fetch.o\
   54		init_h.o\
   55		ialloc.o\
   56		ifetched.o\
   57		ifindname.o\
   58		iprepare.o\
   59		isetup.o\
   60		isqltype.o\
   61		next.o\
   62		release_h.o\
   63		select.o\
   64		dbs.o
   65	#
   66	A	= $(TOP)/lib/dbs.a
   67	#############################################################################
   68	ALL	= \
   69		$A \
   70		lintit.sh\
   71		$i/$(LLIB).ln
   72	#
   73	all:	$(ALL)
   74	#
   75	$A:	$(OBJS)
   76		ar rv $A $?
   77		ranlib $A
   78	#
   79	# The SQL-only modules all have the same dependency:
   80	$(OBJS): $I/dbs.h $J/ibs.h
   81	#
   82	# Create the main-module, which contains GDML source:
   83	dbs.c:	dbs.gdb dbs.e
   84		csh -f -c '$(ENV); gpre -c -manual dbs.e'
   85	#
   86	# Create the (dummy) GDB-file:
   87	dbs.gdb:	dbs.gdl
   88		rm -f $@
   89		gdef  $?
   90	#############################################################################
   91	#
   92	clean:
   93		rm -f *.o *.out *.ln
   94	clobber: clean
   95		rm -f $(ALL)
   96	destroy: clobber
   97		$(TOP)/support/destroy.sh
   98	install:
   99	#
  100	tags:	$(SRCS)
  101		ctags -t $(SRCS)
  102	#
  103	dbs.gdl\
  104	lintit.sh\
  105	llib-ldbs\
  106	$(SRCS):
  107		checkout $@
  108	#
  109	# Lint-library: we have two; one with only public definitions, and the other
  110	# (used for linting locally) with internal definitions.
  111	llib:		$i/$(LLIB).ln $(ILIB).ln
  112	$i/$(LLIB).ln:	$(LLIB) $I/dbs.h $J/ibs.h
  113		$(TOP)/support/makellib.sh $i $(LLIB) dbs $(INCLUDES) $(DEFINES)
  114	#
  115	$(ILIB).ln:	$(LLIB) $I/dbs.h $J/ibs.h
  116		cp $(LLIB) $(ILIB).c
  117		tdlint -o DBS $(INCLUDES) -DDBS_INTERNAL $(ILIB).c
  118		rm -f $(ILIB).c
  119	#
  120	lint.out: $(CSRCS) dbs.c
  121		lintit.sh -l $? >>$@
  122	#
  123	lincnt.out: $(SRCS)
  124		echo '****'`date` >>$@
  125		lincnt $(SRCS) >>$@
  126	#
  127	cflow.out: $(SRCS)
  128		cflow $(DEFINES) $(INCLUDES) $(SRCS) >$@
NOTES:3.1
added OPTS variable for compilation options -- tyler
DELTA:3.1
    1	d1 1
    2	a1 1
    3	# &RCS: //tower/local/dickey/src/rcshist/test/RCS/test1.in,v 3.1 89/10/02 11:31:27 dickey Exp $
    4	d22 1
    5	a22 1
    6	OPTS	= -O
NOTES:3.0
BASELINE Wed Aug  3 10:39:26 EDT 1988
DELTA:3.0
    1	d1 1
    2	a1 1
    3	# &RCS: //tower/local/dickey/src/rcshist/test/RCS/test1.in,v 3.1 89/10/02 11:31:27 dickey Exp $
    4	d22 2
    5	a23 1
    6	CFLAGS	= -g $(INCLUDES) $(DEFINES)
NOTES:2.4
auto-checkout lintit.sh -- dickey
DELTA:2.4
    1	d1 1
    2	a1 1
    3	# &RCS: //tower/local/dickey/src/rcshist/test/RCS/test1.in,v 3.1 89/10/02 11:31:27 dickey Exp $
NOTES:2.3
auto-checkout 'dbs.gdl' -- dickey
DELTA:2.3
    1	d1 1
    2	a1 1
    3	# &RCS: //tower/local/dickey/src/rcshist/test/RCS/test1.in,v 3.1 89/10/02 11:31:27 dickey Exp $
    4	d69 1
NOTES:2.2
corrected 'destroy' production -- dickey
DELTA:2.2
    1	d1 1
    2	a1 1
    3	# &RCS: //tower/local/dickey/src/rcshist/test/RCS/test1.in,v 3.1 89/10/02 11:31:27 dickey Exp $
    4	d101 1
NOTES:2.1
moved the "dbs.a" file to the top-level library-directory (out of local) -- dickey
DELTA:2.1
    1	d1 1
    2	a1 1
    3	# &RCS: //tower/local/dickey/src/rcshist/test/RCS/test1.in,v 3.1 89/10/02 11:31:27 dickey Exp $
    4	d67 3
    5	a69 1
    6	all:	$A llib
    7	d71 2
    8	d91 1
    9	a91 1
   10		rm -f *.o *.out
   11	d93 3
   12	a95 3
   13		rm -f $A *.ln $i/$(LLIB).ln
   14	destroy:
   15		rm -f *
   16	a100 2
   17	$I/dbs.h:	; sh -c 'cd $I;checkout dbs.h'
   18	$J/ibs.h:	; sh -c 'cd $J;checkout ibs.h'
   19	d102 1
NOTES:2.0
BASELINE Fri Jul  8 08:40:04 EDT 1988
DELTA:2.0
    1	d1 1
    2	a1 1
    3	# &RCS: //tower/local/dickey/src/rcshist/test/RCS/test1.in,v 3.1 89/10/02 11:31:27 dickey Exp $
    4	d65 1
    5	a65 1
    6	A	= $(top)/lib/dbs.a
    7	d87 1
    8	a87 1
    9		rm -f *.o
NOTES:2.0.1.1
make a branch delta
DELTA:2.0.1.1
    1	d1 1
    2	a1 1
    3	# &RCS: //tower/local/dickey/src/rcshist/test/RCS/test1.in,v 3.1 89/10/02 11:31:27 dickey Exp $
    4	d24 1
    5	a24 1
    6	CPP	=/usr/lib/cpp -C -P
NOTES:2.0.1.2
test delta after branch
DELTA:2.0.1.2
    1	d1 1
    2	a1 1
    3	# &RCS: //tower/local/dickey/src/rcshist/test/RCS/test1.in,v 3.1 89/10/02 11:31:27 dickey Exp $
    4	d5 5
NOTES:1.4
added 'debug.o' module -- dickey
DELTA:1.4
    1	d1 1
    2	a1 1
    3	# &RCS: //tower/local/dickey/src/rcshist/test/RCS/test1.in,v 3.1 89/10/02 11:31:27 dickey Exp $
NOTES:1.3
broke out modules 'builds.c', 'init_h.c', 'release_h.c' and 'select.c' -- dickey
DELTA:1.3
    1	d1 1
    2	a1 1
    3	# &RCS: //tower/local/dickey/src/rcshist/test/RCS/test1.in,v 3.1 89/10/02 11:31:27 dickey Exp $
    4	d31 1
    5	d51 1
NOTES:1.2
added second (internal) lint library, and module 'iprepare.c' -- dickey
DELTA:1.2
    1	d1 1
    2	a1 1
    3	# &RCS: //tower/local/dickey/src/rcshist/test/RCS/test1.in,v 3.1 89/10/02 11:31:27 dickey Exp $
    4	d30 1
    5	d32 1
    6	d39 3
    7	a41 1
    8		next.c
    9	d49 1
   10	d51 1
   11	d59 2
NOTES:1.1
Initial revision
DELTA:1.1
    1	d1 1
    2	a1 1
    3	# &RCS: //tower/local/dickey/src/rcshist/test/RCS/test1.in,v 3.1 89/10/02 11:31:27 dickey Exp $
    4	d28 1
    5	d34 1
    6	d49 1
    7	d79 1
    8	a79 1
    9		rm -f $A
   10	d93 10
   11	a102 4
   12	# Lint-library
   13	llib:		$i/$(LLIB).ln
   14	$i/$(LLIB).ln:	$(LLIB) $I/dbs.h
   15		$(TOP)/support/makellib.sh $i $(LLIB) dbs $(INCLUDES)
00002/00002  3.1 => 3.2 	Tue Aug 16 19:39:33 1988
compare(dummy4.txt) 3.2
% rcsdiff -r3.2 TMPDIR/dummy4.txt,v TMPDIR/dummy4.txt 
00002/00003  3.0 => 3.1 	Wed Aug 10 05:51:11 1988
compare(dummy4.txt) 3.1
% rcsdiff -r3.1 TMPDIR/dummy4.txt,v TMPDIR/dummy4.txt 
00001/00001  2.4 => 3.0 	Thu Jul 14 07:48:46 1988
compare(dummy4.txt) 3.0
% rcsdiff -r3.0 TMPDIR/dummy4.txt,v TMPDIR/dummy4.txt 
00001/00002  2.3 => 2.4 	Thu Jul 14 07:48:46 1988
compare(dummy4.txt) 2.4
% rcsdiff -r2.4 TMPDIR/dummy4.txt,v TMPDIR/dummy4.txt 
00001/00002  2.2 => 2.3 	Thu Jul 14 07:01:40 1988
compare(dummy4.txt) 2.3
% rcsdiff -r2.3 TMPDIR/dummy4.txt,v TMPDIR/dummy4.txt 
00008/00011  2.1 => 2.2 	Thu Jul 14 04:57:46 1988
compare(dummy4.txt) 2.2
% rcsdiff -r2.2 TMPDIR/dummy4.txt,v TMPDIR/dummy4.txt 
00003/00003  2.0 => 2.1 	Wed Jul 13 10:53:09 1988
compare(dummy4.txt) 2.1
% rcsdiff -r2.1 TMPDIR/dummy4.txt,v TMPDIR/dummy4.txt 
00001/00001  1.4 => 2.0 	Thu Jul  7 09:26:30 1988
compare(dummy4.txt) 2.0
% rcsdiff -r2.0 TMPDIR/dummy4.txt,v TMPDIR/dummy4.txt 
00001/00003  1.3 => 1.4 	Thu Jul  7 09:26:30 1988
compare(dummy4.txt) 1.4
% rcsdiff -r1.4 TMPDIR/dummy4.txt,v TMPDIR/dummy4.txt 
00002/00010  1.2 => 1.3 	Tue Jul  5 10:58:14 1988
compare(dummy4.txt) 1.3
% rcsdiff -r1.3 TMPDIR/dummy4.txt,v TMPDIR/dummy4.txt 
00006/00015  1.1 => 1.2 	Tue Jul  5 09:41:09 1988
compare(dummy4.txt) 1.2
% rcsdiff -r1.2 TMPDIR/dummy4.txt,v TMPDIR/dummy4.txt 
00000/00000      => 1.1 	Fri Jul  1 11:54:45 1988
compare(dummy4.txt) 1.1
% rcsdiff -r1.1 TMPDIR/dummy4.txt,v TMPDIR/dummy4.txt 
00002/00002  2.0.1.2 => 2.0.1.1 	Fri Aug 19 09:34:19 1988
compare(dummy4.txt) 2.0.1.1
% rcsdiff -r2.0.1.1 TMPDIR/dummy4.txt,v TMPDIR/dummy4.txt 
00001/00006      => 2.0.1.2 	Fri Aug 19 10:52:50 1988
compare(dummy4.txt) 2.0.1.2
% rcsdiff -r2.0.1.2 TMPDIR/dummy4.txt,v TMPDIR/dummy4.txt 
